../Core/Src/main.c:64:6:phaseTOcount	16	static
../Core/Src/main.c:69:6:startPWM	8	static
../Core/Src/main.c:82:6:stopPWM	8	static
../Core/Src/main.c:96:6:pulsePWM	16	static
../Core/Src/main.c:105:6:deadTimePWM	16	static
../Core/Src/main.c:117:5:main	8	static
../Core/Src/main.c:180:6:SystemClock_Config	72	static
../Core/Src/main.c:219:13:MX_TIM1_Init	96	static
../Core/Src/main.c:300:13:MX_GPIO_Init	40	static
../Core/Src/main.c:333:6:HAL_TIMEx_BreakCallback	16	static
../Core/Src/main.c:347:6:Error_Handler	4	static,ignoring_inline_asm
