../Core/Src/main.c:78:5:main	8	static
../Core/Src/main.c:133:6:SystemClock_Config	80	static
../Core/Src/main.c:175:13:MX_ADC1_Init	24	static
../Core/Src/main.c:254:13:MX_TIM2_Init	32	static
../Core/Src/main.c:299:13:MX_TIM6_Init	16	static
../Core/Src/main.c:335:13:MX_DMA_Init	16	static
../Core/Src/main.c:353:13:MX_GPIO_Init	40	static
../Core/Src/main.c:374:6:HAL_ADC_ConvHalfCpltCallback	16	static
../Core/Src/main.c:383:6:HAL_ADC_ConvCpltCallback	16	static
../Core/Src/main.c:401:6:Error_Handler	4	static,ignoring_inline_asm
