19:17:43 **** Incremental Build of configuration Debug for project stm32f2_tim_adc_dma_word ****
make -j8 all 
arm-none-eabi-size   stm32f2_tim_adc_dma_word.elf 
   text	   data	    bss	    dec	    hex	filename
  13408	     20	   1900	  15328	   3be0	stm32f2_tim_adc_dma_word.elf
Finished building: default.size.stdout
 
19:17:46 **** Incremental Build of configuration Debug for project stm32f2_tim_adc_dma_word ****
make -j8 all 
arm-none-eabi-size   stm32f2_tim_adc_dma_word.elf 
   text	   data	    bss	    dec	    hex	filename
  13408	     20	   1900	  15328	   3be0	stm32f2_tim_adc_dma_word.elf
Finished building: default.size.stdout
 
19:20:15 **** Incremental Build of configuration Debug for project stm32f2_tim_adc_dma_word ****
make -j8 all 
arm-none-eabi-gcc "../Core/Src/stm32f2xx_it.c" -mcpu=cortex-m3 -std=gnu11 -g3 -DDEBUG -DUSE_HAL_DRIVER -DSTM32F207xx -c -I../Core/Inc -I../Drivers/STM32F2xx_HAL_Driver/Inc -I../Drivers/STM32F2xx_HAL_Driver/Inc/Legacy -I../Drivers/CMSIS/Device/ST/STM32F2xx/Include -I../Drivers/CMSIS/Include -O0 -ffunction-sections -fdata-sections -Wall -fstack-usage -MMD -MP -MF"Core/Src/stm32f2xx_it.d" -MT"Core/Src/stm32f2xx_it.o" --specs=nano.specs -mfloat-abi=soft -mthumb -o "Core/Src/stm32f2xx_it.o"
arm-none-eabi-gcc -o "stm32f2_tim_adc_dma_word.elf" @"objects.list"   -mcpu=cortex-m3 -T"D:\Tech_Software\stm32cubeide\workspace\stm32f2_tim_adc_dma_word\STM32F207ZGTX_FLASH.ld" --specs=nosys.specs -Wl,-Map="stm32f2_tim_adc_dma_word.map" -Wl,--gc-sections -static --specs=nano.specs -mfloat-abi=soft -mthumb -Wl,--start-group -lc -lm -Wl,--end-group
Finished building target: stm32f2_tim_adc_dma_word.elf
 
arm-none-eabi-size   stm32f2_tim_adc_dma_word.elf 
arm-none-eabi-objdump -h -S  stm32f2_tim_adc_dma_word.elf  > "stm32f2_tim_adc_dma_word.list"
   text	   data	    bss	    dec	    hex	filename
  12612	     20	   1900	  14532	   38c4	stm32f2_tim_adc_dma_word.elf
Finished building: default.size.stdout
 
Finished building: stm32f2_tim_adc_dma_word.list
 
19:21:05 **** Incremental Build of configuration Debug for project stm32f2_tim_adc_dma_word ****
make -j8 all 
arm-none-eabi-gcc "../Core/Src/stm32f2xx_it.c" -mcpu=cortex-m3 -std=gnu11 -g3 -DDEBUG -DUSE_HAL_DRIVER -DSTM32F207xx -c -I../Core/Inc -I../Drivers/STM32F2xx_HAL_Driver/Inc -I../Drivers/STM32F2xx_HAL_Driver/Inc/Legacy -I../Drivers/CMSIS/Device/ST/STM32F2xx/Include -I../Drivers/CMSIS/Include -O0 -ffunction-sections -fdata-sections -Wall -fstack-usage -MMD -MP -MF"Core/Src/stm32f2xx_it.d" -MT"Core/Src/stm32f2xx_it.o" --specs=nano.specs -mfloat-abi=soft -mthumb -o "Core/Src/stm32f2xx_it.o"
arm-none-eabi-gcc -o "stm32f2_tim_adc_dma_word.elf" @"objects.list"   -mcpu=cortex-m3 -T"D:\Tech_Software\stm32cubeide\workspace\stm32f2_tim_adc_dma_word\STM32F207ZGTX_FLASH.ld" --specs=nosys.specs -Wl,-Map="stm32f2_tim_adc_dma_word.map" -Wl,--gc-sections -static --specs=nano.specs -mfloat-abi=soft -mthumb -Wl,--start-group -lc -lm -Wl,--end-group
Finished building target: stm32f2_tim_adc_dma_word.elf
 
arm-none-eabi-size   stm32f2_tim_adc_dma_word.elf 
arm-none-eabi-objdump -h -S  stm32f2_tim_adc_dma_word.elf  > "stm32f2_tim_adc_dma_word.list"
   text	   data	    bss	    dec	    hex	filename
  13408	     20	   1900	  15328	   3be0	stm32f2_tim_adc_dma_word.elf
Finished building: default.size.stdout
 
Finished building: stm32f2_tim_adc_dma_word.list
 
19:28:58 **** Incremental Build of configuration Debug for project stm32f2_tim_adc_dma_word ****
make -j8 all 
arm-none-eabi-gcc "../Core/Src/main.c" -mcpu=cortex-m3 -std=gnu11 -g3 -DDEBUG -DUSE_HAL_DRIVER -DSTM32F207xx -c -I../Core/Inc -I../Drivers/STM32F2xx_HAL_Driver/Inc -I../Drivers/STM32F2xx_HAL_Driver/Inc/Legacy -I../Drivers/CMSIS/Device/ST/STM32F2xx/Include -I../Drivers/CMSIS/Include -O0 -ffunction-sections -fdata-sections -Wall -fstack-usage -MMD -MP -MF"Core/Src/main.d" -MT"Core/Src/main.o" --specs=nano.specs -mfloat-abi=soft -mthumb -o "Core/Src/main.o"
../Core/Src/main.c: In function 'main':
../Core/Src/main.c:109:29: warning: passing argument 2 of 'HAL_ADC_Start_DMA' from incompatible pointer type [-Wincompatible-pointer-types]
  109 |   HAL_ADC_Start_DMA(&hadc1, &adc_values, 4);
      |                             ^~~~~~~~~~~
      |                             |
      |                             uint32_t (*)[4] {aka long unsigned int (*)[4]}
In file included from ../Core/Inc/stm32f2xx_hal_conf.h:266,
                 from ../Drivers/STM32F2xx_HAL_Driver/Inc/stm32f2xx_hal.h:30,
                 from ../Core/Inc/main.h:30,
                 from ../Core/Src/main.c:20:
../Drivers/STM32F2xx_HAL_Driver/Inc/stm32f2xx_hal_adc.h:586:72: note: expected 'uint32_t *' {aka 'long unsigned int *'} but argument is of type 'uint32_t (*)[4]' {aka 'long unsigned int (*)[4]'}
  586 | HAL_StatusTypeDef HAL_ADC_Start_DMA(ADC_HandleTypeDef* hadc, uint32_t* pData, uint32_t Length);
      |                                                              ~~~~~~~~~~^~~~~
arm-none-eabi-gcc -o "stm32f2_tim_adc_dma_word.elf" @"objects.list"   -mcpu=cortex-m3 -T"D:\Tech_Software\stm32cubeide\workspace\stm32f2_tim_adc_dma_word\STM32F207ZGTX_FLASH.ld" --specs=nosys.specs -Wl,-Map="stm32f2_tim_adc_dma_word.map" -Wl,--gc-sections -static --specs=nano.specs -mfloat-abi=soft -mthumb -Wl,--start-group -lc -lm -Wl,--end-group
Finished building target: stm32f2_tim_adc_dma_word.elf
 
arm-none-eabi-size   stm32f2_tim_adc_dma_word.elf 
arm-none-eabi-objdump -h -S  stm32f2_tim_adc_dma_word.elf  > "stm32f2_tim_adc_dma_word.list"
   text	   data	    bss	    dec	    hex	filename
  13408	     20	   1900	  15328	   3be0	stm32f2_tim_adc_dma_word.elf
Finished building: default.size.stdout
 
Finished building: stm32f2_tim_adc_dma_word.list
 
19:32:31 **** Incremental Build of configuration Debug for project stm32f2_tim_adc_dma_word ****
make -j8 all 
arm-none-eabi-gcc "../Core/Src/main.c" -mcpu=cortex-m3 -std=gnu11 -g3 -DDEBUG -DUSE_HAL_DRIVER -DSTM32F207xx -c -I../Core/Inc -I../Drivers/STM32F2xx_HAL_Driver/Inc -I../Drivers/STM32F2xx_HAL_Driver/Inc/Legacy -I../Drivers/CMSIS/Device/ST/STM32F2xx/Include -I../Drivers/CMSIS/Include -O0 -ffunction-sections -fdata-sections -Wall -fstack-usage -MMD -MP -MF"Core/Src/main.d" -MT"Core/Src/main.o" --specs=nano.specs -mfloat-abi=soft -mthumb -o "Core/Src/main.o"
arm-none-eabi-gcc "../Core/Src/stm32f2xx_it.c" -mcpu=cortex-m3 -std=gnu11 -g3 -DDEBUG -DUSE_HAL_DRIVER -DSTM32F207xx -c -I../Core/Inc -I../Drivers/STM32F2xx_HAL_Driver/Inc -I../Drivers/STM32F2xx_HAL_Driver/Inc/Legacy -I../Drivers/CMSIS/Device/ST/STM32F2xx/Include -I../Drivers/CMSIS/Include -O0 -ffunction-sections -fdata-sections -Wall -fstack-usage -MMD -MP -MF"Core/Src/stm32f2xx_it.d" -MT"Core/Src/stm32f2xx_it.o" --specs=nano.specs -mfloat-abi=soft -mthumb -o "Core/Src/stm32f2xx_it.o"
../Core/Src/main.c: In function 'main':
../Core/Src/main.c:110:29: warning: passing argument 2 of 'HAL_ADC_Start_DMA' from incompatible pointer type [-Wincompatible-pointer-types]
  110 |   HAL_ADC_Start_DMA(&hadc1, &adc_values, 4);
      |                             ^~~~~~~~~~~
      |                             |
      |                             uint32_t (*)[4] {aka long unsigned int (*)[4]}
In file included from ../Core/Inc/stm32f2xx_hal_conf.h:266,
                 from ../Drivers/STM32F2xx_HAL_Driver/Inc/stm32f2xx_hal.h:30,
                 from ../Core/Inc/main.h:30,
                 from ../Core/Src/main.c:20:
../Drivers/STM32F2xx_HAL_Driver/Inc/stm32f2xx_hal_adc.h:586:72: note: expected 'uint32_t *' {aka 'long unsigned int *'} but argument is of type 'uint32_t (*)[4]' {aka 'long unsigned int (*)[4]'}
  586 | HAL_StatusTypeDef HAL_ADC_Start_DMA(ADC_HandleTypeDef* hadc, uint32_t* pData, uint32_t Length);
      |                                                              ~~~~~~~~~~^~~~~
arm-none-eabi-gcc -o "stm32f2_tim_adc_dma_word.elf" @"objects.list"   -mcpu=cortex-m3 -T"D:\Tech_Software\stm32cubeide\workspace\stm32f2_tim_adc_dma_word\STM32F207ZGTX_FLASH.ld" --specs=nosys.specs -Wl,-Map="stm32f2_tim_adc_dma_word.map" -Wl,--gc-sections -static --specs=nano.specs -mfloat-abi=soft -mthumb -Wl,--start-group -lc -lm -Wl,--end-group
Finished building target: stm32f2_tim_adc_dma_word.elf
 
arm-none-eabi-size   stm32f2_tim_adc_dma_word.elf 
arm-none-eabi-objdump -h -S  stm32f2_tim_adc_dma_word.elf  > "stm32f2_tim_adc_dma_word.list"
   text	   data	    bss	    dec	    hex	filename
  15588	     20	   1956	  17564	   449c	stm32f2_tim_adc_dma_word.elf
Finished building: default.size.stdout
 
Finished building: stm32f2_tim_adc_dma_word.list
 
